﻿--- STARTING COMPREHENSIVE STREAM TEST ---


Testing: Spy x Family
Fetching streams for: animekai-spy-x-family-season-3-v2q8$ep=1$token=c9m5qvHjvRW7mn4ey5SA
Γ£à Streams found (1 sources). Primary server: AnimeKai
≡ƒÄ¼ Primary URL: http://localhost:3001/api/stream/proxy?url=https%3A%2F%2Frrr.code29wave.site%2Fp...
≡ƒöä Fetching manifest through proxy...
Γ£à Successfully fetched manifest (1294 bytes)
≡ƒº⌐ Found segment URL: https://app-82ae23d3-5750-4b13-9cc6-9a9ad55a2b17.cleverapps....
≡ƒöä Fetching video segment through proxy...
Γ£à Successfully fetched segment. Content-Type: application/vnd.apple.mpegurl; charset=utf-8, Size: 175633 bytes

Testing: A Silent Voice
Fetching streams for: animekai-a-silent-voice-vwmk$ep=1$token=Jtnk9ab2qg28iQ

Testing: Attack on Titan
Fetching streams for: attack-on-titan-112?ep=3303
Γ£à Streams found (1 sources). Primary server: Gogoanime
≡ƒÄ¼ Primary URL: http://localhost:3001/api/stream/proxy?url=https%3A%2F%2Ffile.takutakucdn.store%...
≡ƒöä Fetching manifest through proxy...
Γ£à Successfully fetched manifest (746 bytes)
≡ƒº⌐ Found segment URL: http://localhost:3001/api/stream/proxy?url=https%3A%2F%2Ffil...
≡ƒöä Fetching video segment through proxy...
Γ£à Successfully fetched segment. Content-Type: application/vnd.apple.mpegurl; charset=utf-8, Size: 35773 bytes

Testing: Jujutsu Kaisen
Fetching streams for: jujutsu-kaisen-2nd-season-18413?ep=106368
Γ£à Streams found (1 sources). Primary server: Gogoanime
≡ƒÄ¼ Primary URL: http://localhost:3001/api/stream/proxy?url=https%3A%2F%2Ffile.takutakucdn.store%...
≡ƒöä Fetching manifest through proxy...
Γ£à Successfully fetched manifest (745 bytes)
≡ƒº⌐ Found segment URL: http://localhost:3001/api/stream/proxy?url=https%3A%2F%2Ffil...
≡ƒöä Fetching video segment through proxy...
Γ£à Successfully fetched segment. Content-Type: application/vnd.apple.mpegurl; charset=utf-8, Size: 32845 bytes

Testing: One Piece
Fetching streams for: one-piece-21-episode-1
Γ£à Streams found (1 sources). Primary server: Gogoanime
≡ƒÄ¼ Primary URL: http://localhost:3001/api/stream/proxy?url=https%3A%2F%2Ffile.takutakucdn.store%...
≡ƒöä Fetching manifest through proxy...
Γ£à Successfully fetched manifest (746 bytes)
≡ƒº⌐ Found segment URL: http://localhost:3001/api/stream/proxy?url=https%3A%2F%2Ffil...
≡ƒöä Fetching video segment through proxy...
Γ£à Successfully fetched segment. Content-Type: application/vnd.apple.mpegurl; charset=utf-8, Size: 69628 bytes

--- TEST COMPLETE: 4/5 SUCCESSFUL ---
